
Allocating common symbols
Common symbol       size              file

thread_ready_list   0x10              build/thread.o
thread_all_list     0x10              build/thread.o
user_pool           0x10              build/memory.o
intr_name           0x84              build/interrupt.o
main_thread         0x4               build/thread.o
ticks               0x4               build/timer.o
kernel_vaddr        0xc               build/memory.o
idt_table           0x84              build/interrupt.o
kernel_pool         0x10              build/memory.o

Discarded input sections

 .note.GNU-stack
                0x0000000000000000        0x0 build/main.o
 .note.GNU-stack
                0x0000000000000000        0x0 build/init.o
 .note.GNU-stack
                0x0000000000000000        0x0 build/interrupt.o
 .note.GNU-stack
                0x0000000000000000        0x0 build/timer.o
 .note.GNU-stack
                0x0000000000000000        0x0 build/debug.o
 .note.GNU-stack
                0x0000000000000000        0x0 build/string.o
 .note.GNU-stack
                0x0000000000000000        0x0 build/bitmap.o
 .note.GNU-stack
                0x0000000000000000        0x0 build/memory.o
 .note.GNU-stack
                0x0000000000000000        0x0 build/thread.o
 .note.GNU-stack
                0x0000000000000000        0x0 build/list.o

Memory Configuration

Name             Origin             Length             Attributes
*default*        0x0000000000000000 0xffffffffffffffff

Linker script and memory map

Address of section .text set to 0xc0001500
LOAD build/main.o
LOAD build/init.o
LOAD build/interrupt.o
LOAD build/timer.o
LOAD build/kernel.o
LOAD build/print.o
LOAD build/debug.o
LOAD build/string.o
LOAD build/bitmap.o
LOAD build/memory.o
LOAD build/thread.o
LOAD build/list.o
LOAD build/switch.o
                [!provide]                        PROVIDE (__executable_start = SEGMENT_START ("text-segment", 0x8048000))
                0x00000000080480d4                . = (SEGMENT_START ("text-segment", 0x8048000) + SIZEOF_HEADERS)

.interp
 *(.interp)

.note.gnu.build-id
 *(.note.gnu.build-id)

.hash
 *(.hash)

.gnu.hash
 *(.gnu.hash)

.dynsym
 *(.dynsym)

.dynstr
 *(.dynstr)

.gnu.version
 *(.gnu.version)

.gnu.version_d
 *(.gnu.version_d)

.gnu.version_r
 *(.gnu.version_r)

.rel.dyn        0x00000000080480d4        0x0
 *(.rel.init)
 *(.rel.text .rel.text.* .rel.gnu.linkonce.t.*)
 .rel.text      0x00000000080480d4        0x0 build/main.o
 *(.rel.fini)
 *(.rel.rodata .rel.rodata.* .rel.gnu.linkonce.r.*)
 *(.rel.data.rel.ro .rel.data.rel.ro.* .rel.gnu.linkonce.d.rel.ro.*)
 *(.rel.data .rel.data.* .rel.gnu.linkonce.d.*)
 *(.rel.tdata .rel.tdata.* .rel.gnu.linkonce.td.*)
 *(.rel.tbss .rel.tbss.* .rel.gnu.linkonce.tb.*)
 *(.rel.ctors)
 *(.rel.dtors)
 *(.rel.got)
 .rel.got       0x00000000080480d4        0x0 build/main.o
 *(.rel.bss .rel.bss.* .rel.gnu.linkonce.b.*)
 *(.rel.ifunc)

.rel.plt        0x00000000080480d4        0x0
 *(.rel.plt)
                [!provide]                        PROVIDE (__rel_iplt_start = .)
 *(.rel.iplt)
 .rel.iplt      0x00000000080480d4        0x0 build/main.o
                [!provide]                        PROVIDE (__rel_iplt_end = .)
                0x0000000008049000                . = ALIGN (CONSTANT (MAXPAGESIZE))

.init
 *(SORT_NONE(.init))

.plt            0x0000000008049000        0x0
 *(.plt)
 *(.iplt)
 .iplt          0x0000000008049000        0x0 build/main.o

.plt.got
 *(.plt.got)

.plt.sec
 *(.plt.sec)

.text           0x00000000c0001500     0x1da5
 *(.text.unlikely .text.*_unlikely .text.unlikely.*)
 *(.text.exit .text.exit.*)
 *(.text.startup .text.startup.*)
 *(.text.hot .text.hot.*)
 *(SORT_BY_NAME(.text.sorted.*))
 *(.text .stub .text.* .gnu.linkonce.t.*)
 .text          0x00000000c0001500       0xa7 build/main.o
                0x00000000c0001500                main
                0x00000000c0001575                k_thread_a
                0x00000000c000158e                k_thread_b
 .text          0x00000000c00015a7       0x28 build/init.o
                0x00000000c00015a7                init_all
 .text          0x00000000c00015cf      0x44b build/interrupt.o
                0x00000000c0001910                intr_get_status
                0x00000000c0001933                intr_enable
                0x00000000c000195c                intr_disable
                0x00000000c0001985                intr_set_status
                0x00000000c00019a0                register_handler
                0x00000000c00019bc                idt_init
 .text          0x00000000c0001a1a      0x193 build/timer.o
                0x00000000c0001b4d                timer_init
 *fill*         0x00000000c0001bad        0x3 
 .text          0x00000000c0001bb0      0x393 build/kernel.o
                0x00000000c0001bb0                intr_exit
 *fill*         0x00000000c0001f43        0xd 
 .text          0x00000000c0001f50      0x172 build/print.o
                0x00000000c0001f50                put_str
                0x00000000c0001f6e                put_char
                0x00000000c000203b                put_int
                0x00000000c000209e                set_cursor
 .text          0x00000000c00020c2       0xa5 build/debug.o
                0x00000000c00020c2                panic_spin
 .text          0x00000000c0002167      0x454 build/string.o
                0x00000000c0002167                memset
                0x00000000c00021c3                memcpy
                0x00000000c000222b                memcmp
                0x00000000c00022c1                strcpy
                0x00000000c0002324                strlen
                0x00000000c000237e                strcmp
                0x00000000c0002405                strchr
                0x00000000c000246b                strrchr
                0x00000000c00024d4                strcat
                0x00000000c000254e                strchrs
 .text          0x00000000c00025bb      0x1f3 build/bitmap.o
                0x00000000c00025bb                bitmap_init
                0x00000000c00025e2                bitmap_scan_test
                0x00000000c0002624                bitmap_scan
                0x00000000c00026f5                bitmap_set
 .text          0x00000000c00027ae      0x4db build/memory.o
                0x00000000c00029bf                pde_ptr
                0x00000000c00029db                pte_ptr
                0x00000000c0002b46                malloc_page
                0x00000000c0002c10                get_kernel_pages
                0x00000000c0002c54                mem_init
 .text          0x00000000c0002c89      0x41d build/thread.o
                0x00000000c0002c89                running_thread
                0x00000000c0002cb4                thread_create
                0x00000000c0002d2b                init_thread
                0x00000000c0002dc6                thread_start
                0x00000000c0002f41                schedule
                0x00000000c0003069                thread_init
 .text          0x00000000c00030a6      0x1e4 build/list.o
                0x00000000c00030a6                list_init
                0x00000000c00030d3                list_insert_before
                0x00000000c0003114                list_push
                0x00000000c0003131                list_append
                0x00000000c000314e                list_remove
                0x00000000c0003184                list_pop
                0x00000000c00031a3                elem_find
                0x00000000c00031de                list_traversal
                0x00000000c000323c                list_len
                0x00000000c0003271                list_empty
 *fill*         0x00000000c000328a        0x6 
 .text          0x00000000c0003290       0x15 build/switch.o
                0x00000000c0003290                switch_to
 *(.gnu.warning)

.fini
 *(SORT_NONE(.fini))
                [!provide]                        PROVIDE (__etext = .)
                [!provide]                        PROVIDE (_etext = .)
                [!provide]                        PROVIDE (etext = .)
                0x00000000c0004000                . = ALIGN (CONSTANT (MAXPAGESIZE))
                0x00000000c0004000                . = SEGMENT_START ("rodata-segment", (ALIGN (CONSTANT (MAXPAGESIZE)) + (. & (CONSTANT (MAXPAGESIZE) - 0x1))))

.rodata         0x00000000c0004000      0x6e0
 *(.rodata .rodata.* .gnu.linkonce.r.*)
 .rodata        0x00000000c0004000       0x35 build/main.o
 .rodata        0x00000000c0004035        0xa build/init.o
 *fill*         0x00000000c000403f        0x1 
 .rodata        0x00000000c0004040      0x2cd build/interrupt.o
 *fill*         0x00000000c000430d        0x3 
 .rodata        0x00000000c0004310       0x6b build/timer.o
 .rodata        0x00000000c000437b       0x3f build/debug.o
 .rodata        0x00000000c00043ba       0xb9 build/string.o
 .rodata        0x00000000c0004473       0x3c build/bitmap.o
 .rodata        0x00000000c00044af       0xb5 build/memory.o
 .rodata        0x00000000c0004564      0x17c build/thread.o

.rodata1
 *(.rodata1)

.eh_frame_hdr
 *(.eh_frame_hdr)
 *(.eh_frame_entry .eh_frame_entry.*)

.eh_frame
 *(.eh_frame)
 *(.eh_frame.*)

.gcc_except_table
 *(.gcc_except_table .gcc_except_table.*)

.gnu_extab
 *(.gnu_extab*)

.exception_ranges
 *(.exception_ranges*)
                0x00000000c00056e0                . = DATA_SEGMENT_ALIGN (CONSTANT (MAXPAGESIZE), CONSTANT (COMMONPAGESIZE))

.eh_frame
 *(.eh_frame)
 *(.eh_frame.*)

.gnu_extab
 *(.gnu_extab)

.gcc_except_table
 *(.gcc_except_table .gcc_except_table.*)

.exception_ranges
 *(.exception_ranges*)

.tdata          0x00000000c00056e0        0x0
                [!provide]                        PROVIDE (__tdata_start = .)
 *(.tdata .tdata.* .gnu.linkonce.td.*)

.tbss
 *(.tbss .tbss.* .gnu.linkonce.tb.*)
 *(.tcommon)

.preinit_array  0x00000000c00056e0        0x0
                [!provide]                        PROVIDE (__preinit_array_start = .)
 *(.preinit_array)
                [!provide]                        PROVIDE (__preinit_array_end = .)

.init_array     0x00000000c00056e0        0x0
                [!provide]                        PROVIDE (__init_array_start = .)
 *(SORT_BY_INIT_PRIORITY(.init_array.*) SORT_BY_INIT_PRIORITY(.ctors.*))
 *(.init_array EXCLUDE_FILE(*crtend?.o *crtend.o *crtbegin?.o *crtbegin.o) .ctors)
                [!provide]                        PROVIDE (__init_array_end = .)

.fini_array     0x00000000c00056e0        0x0
                [!provide]                        PROVIDE (__fini_array_start = .)
 *(SORT_BY_INIT_PRIORITY(.fini_array.*) SORT_BY_INIT_PRIORITY(.dtors.*))
 *(.fini_array EXCLUDE_FILE(*crtend?.o *crtend.o *crtbegin?.o *crtbegin.o) .dtors)
                [!provide]                        PROVIDE (__fini_array_end = .)

.ctors
 *crtbegin.o(.ctors)
 *crtbegin?.o(.ctors)
 *(EXCLUDE_FILE(*crtend?.o *crtend.o) .ctors)
 *(SORT_BY_NAME(.ctors.*))
 *(.ctors)

.dtors
 *crtbegin.o(.dtors)
 *crtbegin?.o(.dtors)
 *(EXCLUDE_FILE(*crtend?.o *crtend.o) .dtors)
 *(SORT_BY_NAME(.dtors.*))
 *(.dtors)

.jcr
 *(.jcr)

.data.rel.ro
 *(.data.rel.ro.local* .gnu.linkonce.d.rel.ro.local.*)
 *(.data.rel.ro .data.rel.ro.* .gnu.linkonce.d.rel.ro.*)

.dynamic
 *(.dynamic)

.got            0x00000000c00056e0        0x0
 *(.got)
 .got           0x00000000c00056e0        0x0 build/main.o
 *(.igot)
                0x00000000c00056e0                . = DATA_SEGMENT_RELRO_END (., (SIZEOF (.got.plt) >= 0xc)?0xc:0x0)

.got.plt        0x00000000c00056e0        0x0
 *(.got.plt)
 .got.plt       0x00000000c00056e0        0x0 build/main.o
 *(.igot.plt)
 .igot.plt      0x00000000c00056e0        0x0 build/main.o

.data           0x00000000c00056e0       0x8c
 *(.data .data.* .gnu.linkonce.d.*)
 .data          0x00000000c00056e0        0x0 build/main.o
 .data          0x00000000c00056e0        0x0 build/init.o
 .data          0x00000000c00056e0        0x0 build/interrupt.o
 .data          0x00000000c00056e0        0x0 build/timer.o
 .data          0x00000000c00056e0       0x84 build/kernel.o
                0x00000000c00056e0                intr_entry_table
 .data          0x00000000c0005764        0x8 build/print.o
 .data          0x00000000c000576c        0x0 build/debug.o
 .data          0x00000000c000576c        0x0 build/string.o
 .data          0x00000000c000576c        0x0 build/bitmap.o
 .data          0x00000000c000576c        0x0 build/memory.o
 .data          0x00000000c000576c        0x0 build/thread.o
 .data          0x00000000c000576c        0x0 build/list.o

.data1
 *(.data1)
                0x00000000c000576c                _edata = .
                [!provide]                        PROVIDE (edata = .)
                0x00000000c000576c                . = .
                0x00000000c000576c                __bss_start = .

.bss            0x00000000c0005780      0x298
 *(.dynbss)
 *(.bss .bss.* .gnu.linkonce.b.*)
 .bss           0x00000000c0005780        0x0 build/main.o
 .bss           0x00000000c0005780        0x0 build/init.o
 .bss           0x00000000c0005780      0x108 build/interrupt.o
 .bss           0x00000000c0005888        0x0 build/timer.o
 .bss           0x00000000c0005888        0x0 build/debug.o
 .bss           0x00000000c0005888        0x0 build/string.o
 .bss           0x00000000c0005888        0x0 build/bitmap.o
 .bss           0x00000000c0005888        0x0 build/memory.o
 .bss           0x00000000c0005888        0x4 build/thread.o
 .bss           0x00000000c000588c        0x0 build/list.o
 *(COMMON)
 *fill*         0x00000000c000588c       0x14 
 COMMON         0x00000000c00058a0      0x124 build/interrupt.o
                0x00000000c00058a0                intr_name
                0x00000000c0005940                idt_table
 COMMON         0x00000000c00059c4        0x4 build/timer.o
                0x00000000c00059c4                ticks
 COMMON         0x00000000c00059c8       0x2c build/memory.o
                0x00000000c00059c8                user_pool
                0x00000000c00059d8                kernel_vaddr
                0x00000000c00059e4                kernel_pool
 COMMON         0x00000000c00059f4       0x24 build/thread.o
                0x00000000c00059f4                thread_ready_list
                0x00000000c0005a04                thread_all_list
                0x00000000c0005a14                main_thread
                0x00000000c0005a18                . = ALIGN ((. != 0x0)?0x4:0x1)
                0x00000000c0005a18                . = ALIGN (0x4)
                0x00000000c0005a18                . = SEGMENT_START ("ldata-segment", .)
                0x00000000c0005a18                . = ALIGN (0x4)
                0x00000000c0005a18                _end = .
                [!provide]                        PROVIDE (end = .)
                0x00000000c0005a18                . = DATA_SEGMENT_END (.)

.stab
 *(.stab)

.stabstr
 *(.stabstr)

.stab.excl
 *(.stab.excl)

.stab.exclstr
 *(.stab.exclstr)

.stab.index
 *(.stab.index)

.stab.indexstr
 *(.stab.indexstr)

.comment        0x0000000000000000       0x2a
 *(.comment)
 .comment       0x0000000000000000       0x2a build/main.o
                                         0x2b (size before relaxing)
 .comment       0x000000000000002a       0x2b build/init.o
 .comment       0x000000000000002a       0x2b build/interrupt.o
 .comment       0x000000000000002a       0x2b build/timer.o
 .comment       0x000000000000002a       0x2b build/debug.o
 .comment       0x000000000000002a       0x2b build/string.o
 .comment       0x000000000000002a       0x2b build/bitmap.o
 .comment       0x000000000000002a       0x2b build/memory.o
 .comment       0x000000000000002a       0x2b build/thread.o
 .comment       0x000000000000002a       0x2b build/list.o

.gnu.build.attributes
 *(.gnu.build.attributes .gnu.build.attributes.*)

.debug
 *(.debug)

.line
 *(.line)

.debug_srcinfo
 *(.debug_srcinfo)

.debug_sfnames
 *(.debug_sfnames)

.debug_aranges
 *(.debug_aranges)

.debug_pubnames
 *(.debug_pubnames)

.debug_info
 *(.debug_info .gnu.linkonce.wi.*)

.debug_abbrev
 *(.debug_abbrev)

.debug_line
 *(.debug_line .debug_line.* .debug_line_end)

.debug_frame
 *(.debug_frame)

.debug_str
 *(.debug_str)

.debug_loc
 *(.debug_loc)

.debug_macinfo
 *(.debug_macinfo)

.debug_weaknames
 *(.debug_weaknames)

.debug_funcnames
 *(.debug_funcnames)

.debug_typenames
 *(.debug_typenames)

.debug_varnames
 *(.debug_varnames)

.debug_pubtypes
 *(.debug_pubtypes)

.debug_ranges
 *(.debug_ranges)

.debug_macro
 *(.debug_macro)

.debug_addr
 *(.debug_addr)

.gnu.attributes
 *(.gnu.attributes)

/DISCARD/
 *(.note.GNU-stack)
 *(.gnu_debuglink)
 *(.gnu.lto_*)
OUTPUT(build/kernel.bin elf32-i386)
